[unnatiladder.com/index.html]
[unnatiladder.com/xmlrpc.php]
[backblue.gif]
[fade.gif]
[index.html]
[unnatiladder.com/wp-includes/css/dist/block-library/style.minb6a4.css]
[fonts.googleapis.com/index.html]
[unnatiladder.com/feed/index.html]
[unnatiladder.com/wp-content/plugins/chaty/css/chaty-front.min2c53.css]
[unnatiladder.com/wp-content/themes/flatsome/assets/css/fl-iconsae34.css]
[unnatiladder.com/comments/feed/index.html]
[unnatiladder.com/wp-content/themes/flatsome/assets/css/flatsome0fca.css]
[unnatiladder.com/wp-content/themes/flatsome/style0fca.css]
[unnatiladder.com/wp-includes/js/jquery/jquery.minf43b.js]
[unnatiladder.com/wp-includes/js/jquery/jquery-migrate.min5589.js]
[unnatiladder.com/wp-content/plugins/chaty/js/cht-front-script.min2c53.js]
[unnatiladder.com/wp-json/wp/v2/pages/15.json]
[unnatiladder.com/wp-json/index.html]
[unnatiladder.com/xmlrpc0db0.php]
[unnatiladder.com/wp-json/oembed/1.0/embed7750.json]
[unnatiladder.com/wp-json/oembed/1.0/embed0d87]
[unnatiladder.com/wp-content/uploads/2020/08/cropped-fav-iconm-01-32x32.png]
[unnatiladder.com/wp-content/uploads/2020/08/cropped-fav-iconm-01-192x192.png]
[unnatiladder.com/wp-content/uploads/2020/08/cropped-fav-iconm-01-180x180.png]
[unnatiladder.com/wp-content/uploads/2020/08/Whatsapp-01.png]
[unnatiladder.com/wp-content/uploads/2020/07/logo-color.png]
[unnatiladder.com/wp-content/uploads/2020/07/nigel-tadyanehondo-3k5cAmxjXl4-unsplash-1024x767-1.jpg]
[unnatiladder.com/wp-content/uploads/2020/07/business-man_t20_YX9XYX-1-1024x682.jpg]
[unnatiladder.com/contact-us/index.html]
[unnatiladder.com/about-us/index.html]
[unnatiladder.com/wp-content/uploads/2020/07/two-businessmen-having-conversation_t20_g1dnyb-1-1024x683.jpg]
[unnatiladder.com/wp-content/uploads/2020/07/campaign-creators-gMsnXqILjp4-unsplash-2.jpg]
[unnatiladder.com/wp-content/uploads/2020/07/shield-300x300-1.png]
[unnatiladder.com/wp-content/uploads/2020/07/gear-1-300x300.png]
[unnatiladder.com/wp-content/uploads/2020/07/headhunting-300x300-1.png]
[unnatiladder.com/wp-content/uploads/2020/07/light-bulb-300x300-1.png]
[unnatiladder.com/wp-content/uploads/2020/08/content12379.jpg]
[unnatiladder.com/wp-content/uploads/2020/07/responsive-1.png]
[unnatiladder.com/wp-content/uploads/2020/08/blog4site_2-6-20_Strategic-Plans_Depositphotos-833x500-1.jpg]
[unnatiladder.com/wp-content/uploads/2020/07/target-1.png]
[unnatiladder.com/wp-content/uploads/2020/08/061615-cc-auto-leasing-on-the-rise-reaches-all-time-high-768x512-1.jpg]
[unnatiladder.com/wp-content/uploads/2020/08/bigstock-Hands-With-Puzzle-Making-Sales-89792309-1.jpg]
[unnatiladder.com/wp-content/uploads/2020/08/Branding-Header-Mobile.jpg]
[unnatiladder.com/wp-content/uploads/2020/08/download-1.png]
[unnatiladder.com/wp-content/uploads/2020/07/business-meeting_t20_98QPw2-1.jpg]
[unnatiladder.com/wp-content/uploads/2020/07/kisspng-india-royalty-free-vector-map-indian-map-5b2dc226af02f6.4371200815297254787169-1.png]
[unnatiladder.com/wp-content/uploads/2020/07/11.jpg]
[unnatiladder.com/wp-content/uploads/2020/07/1-1.jpg]
[unnatiladder.com/wp-content/uploads/2020/07/My-Cleaner.jpg]
[unnatiladder.com/wp-content/uploads/2020/07/5.jpg]
[unnatiladder.com/wp-content/uploads/2020/07/3.jpg]
[unnatiladder.com/wp-content/uploads/2020/07/10.jpg]
[unnatiladder.com/wp-content/uploads/2020/07/9.jpg]
[unnatiladder.com/wp-content/uploads/2020/07/8.jpg]
[unnatiladder.com/wp-content/uploads/2020/07/6.jpg]
[unnatiladder.com/wp-content/uploads/2020/07/2.jpg]
[unnatiladder.com/wp-content/uploads/2020/07/7.jpg]
[unnatiladder.com/wp-content/uploads/2020/07/4.jpg]
[unnatiladder.com/wp-content/uploads/2020/12/pokket-Cafe-Logo-3.png]
[unnatiladder.com/wp-content/themes/flatsome/inc/extensions/flatsome-live-search/flatsome-live-search0fca.js]
[unnatiladder.com/wp-includes/js/hoverIntent.min3e5a.js]
[unnatiladder.com/wp-content/themes/flatsome/assets/js/flatsome0fca.js]
[unnatiladder.com/index.html]
[gmpg.org/xfn/11.html]
[unnatiladder.com/xmlrpc.php]
[fonts.googleapis.com/index.html]
[fonts.googleapis.com/cssbb3d.css]
[unnatiladder.com/wp-json/wp/v2/pages/24.json]
[unnatiladder.com/wp-json/oembed/1.0/embed0693.json]
[unnatiladder.com/wp-json/oembed/1.0/embed6969]
[unnatiladder.com/wp-content/uploads/2020/07/campaign-creators-gMsnXqILjp4-unsplash-1.jpg]
[unnatiladder.com/wp-content/uploads/2020/07/pp.jpg]
[unnatiladder.com/wp-content/uploads/2020/07/business-team-meeting-working-with-new-startup-project-discussion-and-analysis-data-graph-report_t20_vRjxZl-1.jpg]
[unnatiladder.com/wp-content/uploads/2020/08/Unnati-Ladder-Profile.pdf]
[unnatiladder.com/wp-content/uploads/2020/07/morning-meeting_t20_pxNYK8-1.jpg]
[unnatiladder.com/wp-content/uploads/2020/07/customer-01-1.jpg]
[unnatiladder.com/about-us/index.html]
[unnatiladder.com/wp-json/wp/v2/pages/25.json]
[unnatiladder.com/wp-json/oembed/1.0/embed6399.json]
[unnatiladder.com/wp-json/oembed/1.0/embed27da]
[unnatiladder.com/wp-content/uploads/2020/07/whatsapp-1-300x300.png]
[unnatiladder.com/wp-content/plugins/elfsight-contact-form-cc/assets/elfsight-contact-forma1ec.js]
[unnatiladder.com/contact-us/index.html]
[unnatiladder.com/index1dfd.html]
[gmpg.org/xfn/.html]
[gmpg.org/xfn/intro.html]
[gmpg.org/xfn/faq.html]
[unnatiladder.com/index2cf9.html]
[unnatiladder.com/index970c.html]
[unnatiladder.com/wp-json/index.html]
[unnatiladder.com/wp-json/oembed/1.0/embed7750.json]
[unnatiladder.com/wp-includes/css/dist/block-library/style.minb6a4.css]
[unnatiladder.com/wp-content/plugins/chaty/css/chaty-front.min2c53.css]
[unnatiladder.com/xmlrpc0db0.php]
[unnatiladder.com/wp-content/themes/flatsome/assets/css/icons/fl-icons.eot]
[unnatiladder.com/wp-content/themes/flatsome/assets/css/icons/fl-icons.woff2]
[unnatiladder.com/wp-content/themes/flatsome/assets/css/icons/fl-icons.ttf]
[unnatiladder.com/wp-content/themes/flatsome/assets/css/icons/fl-icons.woff]
[unnatiladder.com/wp-content/themes/flatsome/assets/css/icons/fl-icons.svg]
[unnatiladder.com/wp-content/themes/flatsome/assets/css/fl-iconsae34.css]
[unnatiladder.com/wp-json/wp/v2/pages/24.json]
[unnatiladder.com/wp-json/oembed/1.0/embed0693.json]
[unnatiladder.com/wp-content/themes/flatsome/assets/img/shadow@2x.png]
[unnatiladder.com/wp-json/oembed/1.0/embed6969]
[unnatiladder.com/wp-content/themes/flatsome/assets/img/underline.png]
[unnatiladder.com/wp-content/themes/flatsome/assets/css/flatsome0fca.css]
[unnatiladder.com/wp-json/wp/v2/pages/25.json]
[unnatiladder.com/wp-content/themes/flatsome/style0fca.css]
[unnatiladder.com/wp-includes/js/jquery/jquery.minf43b.js]
[unnatiladder.com/wp-includes/js/jquery/jquery-migrate.min5589.js]
[unnatiladder.com/wp-content/plugins/chaty/js/cht-front-script.min2c53.js]
[unnatiladder.com/wp-json/wp/v2/pages/15.json]
[unnatiladder.com/wp-json/oembed/1.0/embed0d87]
[unnatiladder.com/index1dfd.html]
[unnatiladder.com/wp-content/themes/flatsome/inc/extensions/flatsome-live-search/flatsome-live-search0fca.js]
[unnatiladder.com/wp-includes/js/hoverIntent.min3e5a.js]
[unnatiladder.com/wp-content/themes/flatsome/assets/js/flatsome0fca.js]
[gmpg.org/xfn/default.css]
[unnatiladder.com/Edge/index.html]
[unnatiladder.com/index2cf9.html]
[unnatiladder.com/index970c.html]
[unnatiladder.com/wp-content/plugins/elfsight-contact-form-cc/assets/elfsight-contact-forma1ec.js]
[unnatiladder.com/wp-content/themes/flatsome/assets/css/icons/fl-icons.svg]
[unnatiladder.com/Edge/index.html]
[urgd.in/wp-content/uploads/2020/06/Logo-Unnati-Ladders.jpg]
